// Jest Snapshot v1, https://goo.gl/fbAQLP

exports[`Cart matches the snapshot 1`] = `
<div
  className="d-flex justify-content-center align-items-center"
  data-testid="cart"
  id="cart-page-container"
>
  <div
    className="h-100 container"
    id="cart-description-container"
  >
    <div
      className="mt-5 shadow-lg row"
    >
      <div
        className="bg-white rounded col-md-8"
      >
        <div
          className="d-flex p-3 align-items-center"
        >
          <h2
            className="me-auto"
          >
            Shopping Cart
          </h2>
          <p
            className="m-0"
          >
            0
             items
          </p>
        </div>
        <a
          className="text-secondary bg-white border-0 mt-5 py-2 btn btn-primary"
          disabled={false}
          href="/products"
          onClick={[Function]}
          onKeyDown={[Function]}
          role="button"
          tabIndex={0}
        >
          ‚Üê Back to Shop
        </a>
      </div>
      <div
        className="bg-dark text-white rounded h-100 col-md-4"
      >
        <h2
          className="p-3"
        >
          Summary
        </h2>
        <div
          className="border-top border-bottom"
        >
          <div
            className="d-flex p-3"
          >
            <p
              className="me-auto"
            >
              Itmes 
              0
            </p>
            <p>
              $ 
              10.95
            </p>
          </div>
          <form
            className="py-2 mb-5"
          >
            <label
              className="form-label"
              htmlFor="shipping"
            >
              SHIPPING:
            </label>
            <select
              aria-label="Default select example"
              className="p-2 form-select"
              id="shipping"
              onChange={[Function]}
            >
              <option
                value="10.95"
              >
                Strandard Delivery-$10.95
              </option>
              <option
                value="14.99"
              >
                Fast Delivery-$14.99
              </option>
            </select>
            <label
              className="form-label"
              htmlFor="discount-code"
            >
              GIVE CODE:
            </label>
            <input
              aria-describedby="discountCode"
              className="p-2 form-control"
              id="discount-code"
              type="text"
            />
          </form>
        </div>
        <div>
          <div
            className="d-flex p-3"
          >
            <p
              className="me-auto"
            >
              TOTAL PRICE
            </p>
            <p>
              $ 
              10.95
            </p>
          </div>
          <a
            className="w-100 mt-2 mb-4 btn btn-danger"
            disabled={false}
            href="/"
            onClick={[Function]}
            onKeyDown={[Function]}
            role="button"
            tabIndex={0}
          >
            Checkout
          </a>
        </div>
      </div>
    </div>
  </div>
</div>
`;
