// Jest Snapshot v1, https://goo.gl/fbAQLP

exports[`renders ProductContainer correctly 1`] = `
<div>
  <a
    class="text-center p-5 bg-white shadow-sm text-decoration-none text-black col-md-3"
    href="/123"
  >
    <div
      class="d-flex justify-content-center align-items-center h-50"
    >
      <img
        alt=""
        class="mb-4"
        src="image-url"
        style="width: 150px;"
      />
    </div>
    <h3
      class="fs-6 product-title"
    >
      Product Title
    </h3>
    <h4
      class="fs-5 mt-4 fw-bold"
    >
      $
      9.99
    </h4>
    <div
      class="rating mb-3"
    >
      <img
        alt=""
        class="star-fill"
        src="star-fill.svg"
      />
      <img
        alt=""
        class="star-fill"
        src="star-fill.svg"
      />
      <img
        alt=""
        class="star-fill"
        src="star-fill.svg"
      />
      <img
        alt=""
        class="star-fill"
        src="star-fill.svg"
      />
      <img
        alt=""
        class="star-fill"
        src="star-fill.svg"
      />
      <span
        class="ms-1"
      >
        10
      </span>
    </div>
    <button
      class="mt-3 index-1 btn btn-danger"
      type="button"
    >
      See More
    </button>
  </a>
</div>
`;
